DinrusStd.lib
 Warning 2: File Not Found DinrusStd.lib
Dinrus.lib
 Warning 2: File Not Found Dinrus.lib
obj\Release\src\cmd\ASTStats.obj(ASTStats) 
 Error 42: Symbol Undefined _D9invariant12_d_invariantFC6ObjectZv
obj\Release\src\cmd\ASTStats.obj(ASTStats) 
 Error 42: Symbol Undefined _D11TypeInfo_Ak6__initZ
obj\Release\src\cmd\ASTStats.obj(ASTStats) 
 Error 42: Symbol Undefined __d_newarrayT
obj\Release\src\cmd\ASTStats.obj(ASTStats) 
 Error 42: Symbol Undefined __d_array_bounds
obj\Release\src\cmd\ASTStats.obj(ASTStats) 
 Error 42: Symbol Undefined _D14TypeInfo_Class6__vtblZ
obj\Release\src\cmd\ASTStats.obj(ASTStats) 
 Error 42: Symbol Undefined _D3sys10WinStructs8ГУИД8opEqualsMFS3sys10WinStructs8ГУИДZb
obj\Release\src\cmd\ASTStats.obj(ASTStats) 
 Error 42: Symbol Undefined _БлокированныйИнкремент
obj\Release\src\cmd\ASTStats.obj(ASTStats) 
 Error 42: Symbol Undefined _БлокированныйДекремент
obj\Release\src\cmd\ASTStats.obj(ASTStats) 
 Error 42: Symbol Undefined _D3tpl3com34выполниТерминаторFC6ObjectZv
obj\Release\src\cmd\ASTStats.obj(ASTStats) 
 Error 42: Symbol Undefined _смУдалиПространство
obj\Release\src\cmd\ASTStats.obj(ASTStats) 
 Error 42: Symbol Undefined _освободи
obj\Release\src\cmd\ASTStats.obj(ASTStats) 
 Error 42: Symbol Undefined _D10ModuleInfo6__vtblZ
obj\Release\src\cmd\ASTStats.obj(ASTStats) 
 Error 42: Symbol Undefined _D17TypeInfo_C6Object6__initZ
obj\Release\src\cmd\ASTStats.obj(ASTStats) 
 Error 42: Symbol Undefined _D11TypeInfo_Aa6__initZ
obj\Release\src\cmd\ASTStats.obj(ASTStats) 
 Error 42: Symbol Undefined _D10TypeInfo_d6__initZ
obj\Release\src\cmd\ASTStats.obj(ASTStats) 
 Error 42: Symbol Undefined _D10TypeInfo_a6__initZ
obj\Release\src\cmd\ASTStats.obj(ASTStats) 
 Error 42: Symbol Undefined _D10TypeInfo_f6__initZ
obj\Release\src\cmd\ASTStats.obj(ASTStats) 
 Error 42: Symbol Undefined _D10TypeInfo_i6__initZ
obj\Release\src\cmd\ASTStats.obj(ASTStats) 
 Error 42: Symbol Undefined _D10TypeInfo_c6__initZ
obj\Release\src\cmd\ASTStats.obj(ASTStats) 
 Error 42: Symbol Undefined _D10TypeInfo_r6__initZ
obj\Release\src\cmd\ASTStats.obj(ASTStats) 
 Error 42: Symbol Undefined _D10TypeInfo_q6__initZ
obj\Release\src\cmd\ASTStats.obj(ASTStats) 
 Error 42: Symbol Undefined _D10TypeInfo_j6__initZ
obj\Release\src\cmd\ASTStats.obj(ASTStats) 
 Error 42: Symbol Undefined _D10TypeInfo_p6__initZ
obj\Release\src\cmd\ASTStats.obj(ASTStats) 
 Error 42: Symbol Undefined _D10TypeInfo_o6__initZ
obj\Release\src\cmd\ASTStats.obj(ASTStats) 
 Error 42: Symbol Undefined _D10TypeInfo_e6__initZ
obj\Release\src\cmd\ASTStats.obj(ASTStats) 
 Error 42: Symbol Undefined _D10TypeInfo_m6__initZ
obj\Release\src\cmd\ASTStats.obj(ASTStats) 
 Error 42: Symbol Undefined _D10TypeInfo_l6__initZ
obj\Release\src\cmd\ASTStats.obj(ASTStats) 
 Error 42: Symbol Undefined _D10TypeInfo_k6__initZ
obj\Release\src\cmd\ASTStats.obj(ASTStats) 
 Error 42: Symbol Undefined _D10TypeInfo_t6__initZ
obj\Release\src\cmd\ASTStats.obj(ASTStats) 
 Error 42: Symbol Undefined _D10TypeInfo_s6__initZ
obj\Release\src\cmd\ASTStats.obj(ASTStats) 
 Error 42: Symbol Undefined _D10TypeInfo_h6__initZ
obj\Release\src\cmd\ASTStats.obj(ASTStats) 
 Error 42: Symbol Undefined _D10TypeInfo_g6__initZ
obj\Release\src\cmd\ASTStats.obj(ASTStats) 
 Error 42: Symbol Undefined _D3tpl6stream10Поток17открыт_лиMFZb
obj\Release\src\cmd\ASTStats.obj(ASTStats) 
 Error 42: Symbol Undefined _D3tpl6stream10Поток4кфMFZb
obj\Release\src\cmd\ASTStats.obj(ASTStats) 
 Error 42: Symbol Undefined _D3tpl6stream10Поток12читайфMFYi
obj\Release\src\cmd\ASTStats.obj(ASTStats) 
 Error 42: Symbol Undefined _D3tpl6stream10Поток14вчитайфMFAC8TypeInfoPvZi
obj\Release\src\cmd\ASTStats.obj(ASTStats) 
 Error 42: Symbol Undefined _D3tpl6stream10Поток12отдайшMFuZu
obj\Release\src\cmd\ASTStats.obj(ASTStats) 
 Error 42: Symbol Undefined _D3tpl6stream10Поток12отдайсMFaZa
obj\Release\src\cmd\ASTStats.obj(ASTStats) 
 Error 42: Symbol Undefined _D3tpl6stream10Поток10беришMFZu
obj\Release\src\cmd\ASTStats.obj(ASTStats) 
 Error 42: Symbol Undefined _D3tpl6stream10Поток10берисMFZa
obj\Release\src\cmd\ASTStats.obj(ASTStats) 
 Error 42: Symbol Undefined _D3tpl6stream10Поток20читайТкстШMFkZAu
obj\Release\src\cmd\ASTStats.obj(ASTStats) 
 Error 42: Symbol Undefined _D3tpl6stream10Поток18читайТкстMFkZAa
obj\Release\src\cmd\ASTStats.obj(ASTStats) 
 Error 42: Symbol Undefined _D3tpl6stream10Поток7opApplyMFDFKmKAuZiZi
obj\Release\src\cmd\ASTStats.obj(ASTStats) 
 Error 42: Symbol Undefined _D3tpl6stream10Поток7opApplyMFDFKAuZiZi
obj\Release\src\cmd\ASTStats.obj(ASTStats) 
 Error 42: Symbol Undefined _D3tpl6stream10Поток7opApplyMFDFKmKAaZiZi
obj\Release\src\cmd\ASTStats.obj(ASTStats) 
 Error 42: Symbol Undefined _D3tpl6stream10Поток7opApplyMFDFKAaZiZi
obj\Release\src\cmd\ASTStats.obj(ASTStats) 
 Error 42: Symbol Undefined _D3tpl6stream10Поток18читайСтрШMFAuZAu
obj\Release\src\cmd\ASTStats.obj(ASTStats) 
 Error 42: Symbol Undefined _D3tpl6stream10Поток18читайСтрШMFZAu
obj\Release\src\cmd\ASTStats.obj(ASTStats) 
 Error 42: Symbol Undefined _D3tpl6stream10Поток16читайСтрMFAaZAa
obj\Release\src\cmd\ASTStats.obj(ASTStats) 
 Error 42: Symbol Undefined _D3tpl6stream10Поток16читайСтрMFZAa
obj\Release\src\cmd\ASTStats.obj(ASTStats) 
 Error 42: Symbol Undefined _D3tpl6stream10Поток10читайMFJAuZv
obj\Release\src\cmd\ASTStats.obj(ASTStats) 
 Error 42: Symbol Undefined _D3tpl6stream10Поток10читайMFJAaZv
obj\Release\src\cmd\ASTStats.obj(ASTStats) 
 Error 42: Symbol Undefined _D3tpl6stream10Поток10читайMFJwZv
obj\Release\src\cmd\ASTStats.obj(ASTStats) 
 Error 42: Symbol Undefined _D3tpl6stream10Поток10читайMFJuZv
obj\Release\src\cmd\ASTStats.obj(ASTStats) 
 Error 42: Symbol Undefined _D3tpl6stream10Поток10читайMFJaZv
obj\Release\src\cmd\ASTStats.obj(ASTStats) 
 Error 42: Symbol Undefined _D3tpl6stream10Поток10читайMFJcZv
obj\Release\src\cmd\ASTStats.obj(ASTStats) 
 Error 42: Symbol Undefined _D3tpl6stream10Поток10читайMFJrZv
obj\Release\src\cmd\ASTStats.obj(ASTStats) 
 Error 42: Symbol Undefined _D3tpl6stream10Поток10читайMFJqZv
obj\Release\src\cmd\ASTStats.obj(ASTStats) 
 Error 42: Symbol Undefined _D3tpl6stream10Поток10читайMFJjZv
obj\Release\src\cmd\ASTStats.obj(ASTStats) 
 Error 42: Symbol Undefined _D3tpl6stream10Поток10читайMFJpZv
obj\Release\src\cmd\ASTStats.obj(ASTStats) 
 Error 42: Symbol Undefined _D3tpl6stream10Поток10читайMFJoZv
obj\Release\src\cmd\ASTStats.obj(ASTStats) 
 Error 42: Symbol Undefined _D3tpl6stream10Поток10читайMFJeZv
obj\Release\src\cmd\ASTStats.obj(ASTStats) 
 Error 42: Symbol Undefined _D3tpl6stream10Поток10читайMFJdZv
obj\Release\src\cmd\ASTStats.obj(ASTStats) 
 Error 42: Symbol Undefined _D3tpl6stream10Поток10читайMFJfZv
obj\Release\src\cmd\ASTStats.obj(ASTStats) 
 Error 42: Symbol Undefined _D3tpl6stream10Поток10читайMFJmZv
obj\Release\src\cmd\ASTStats.obj(ASTStats) 
 Error 42: Symbol Undefined _D3tpl6stream10Поток10читайMFJlZv
obj\Release\src\cmd\ASTStats.obj(ASTStats) 
 Error 42: Symbol Undefined _D3tpl6stream10Поток10читайMFJkZv
obj\Release\src\cmd\ASTStats.obj(ASTStats) 
 Error 42: Symbol Undefined _D3tpl6stream10Поток10читайMFJiZv
obj\Release\src\cmd\ASTStats.obj(ASTStats) 
 Error 42: Symbol Undefined _D3tpl6stream10Поток10читайMFJtZv
obj\Release\src\cmd\ASTStats.obj(ASTStats) 
 Error 42: Symbol Undefined _D3tpl6stream10Поток10читайMFJsZv
obj\Release\src\cmd\ASTStats.obj(ASTStats) 
 Error 42: Symbol Undefined _D3tpl6stream10Поток10читайMFJhZv
obj\Release\src\cmd\ASTStats.obj(ASTStats) 
 Error 42: Symbol Undefined _D3tpl6stream10Поток10читайMFJgZv
obj\Release\src\cmd\ASTStats.obj(ASTStats) 
 Error 42: Symbol Undefined _D3tpl6stream10Поток10читайMFAhZk
obj\Release\src\cmd\ASTStats.obj(ASTStats) 
 Error 42: Symbol Undefined _D3tpl6stream10Поток20читайРовноMFPvkZv
obj\Release\src\cmd\ASTStats.obj(ASTStats) 
 Error 42: Symbol Undefined _D6object6Object8opEqualsMFC6ObjectZi
obj\Release\src\cmd\ASTStats.obj(ASTStats) 
 Error 42: Symbol Undefined _D6object6Object5opCmpMFC6ObjectZi
obj\Release\src\cmd\ASTStats.obj(ASTStats) 
 Error 42: Symbol Undefined _D6object6Object6toHashMFZk
obj\Release\src\cmd\ASTStats.obj(ASTStats) 
 Error 42: Symbol Undefined _D6object6Object8toStringMFZAa
obj\Release\src\cmd\ASTStats.obj(ASTStats) 
 Error 42: Symbol Undefined _D6object6Object12выведиMFZv
obj\Release\src\cmd\ASTStats.obj(ASTStats) 
 Error 42: Symbol Undefined _D6object6Object5printMFZv
obj\Release\src\cmd\ASTStats.obj(ASTStats) 
 Error 42: Symbol Undefined _D6object6Object14выместиMFZv
obj\Release\src\cmd\ASTStats.obj(ASTStats) 
 Error 42: Symbol Undefined _D6object6Object7disposeMFZv
obj\Release\src\cmd\ASTStats.obj(ASTStats) 
 Error 42: Symbol Undefined _D9ClassInfo6__vtblZ
obj\Release\src\cmd\ASTStats.obj(ASTStats) 
 Error 42: Symbol Undefined _D6object6Object8вХэшMFZk
obj\Release\src\cmd\ASTStats.obj(ASTStats) 
 Error 42: Symbol Undefined _D6object6Object10вТкстMFZAa
obj\Release\src\cmd\Compile.obj(Compile) 
 Error 42: Symbol Undefined _D6stdrus4фмFYAa
obj\Release\src\cmd\Compile.obj(Compile) 
 Error 42: Symbol Undefined _D3tpl6stream10Поток40проверьСканируемостьMFAaAalZb
obj\Release\src\cmd\Compile.obj(Compile) 
 Error 42: Symbol Undefined _D3tpl6stream10Поток42проверьЗаписываемостьMFAaAalZb
obj\Release\src\cmd\Compile.obj(Compile) 
 Error 42: Symbol Undefined _D3tpl6stream10Поток34проверьЧитаемостьMFAaAalZb
obj\Release\src\cmd\Compile.obj(Compile) 
 Error 42: Symbol Undefined _D3tpl6stream10Поток10удалиMFAaZv
obj\Release\src\cmd\Compile.obj(Compile) 
 Error 42: Symbol Undefined _D3tpl6stream10Поток12закройMFZv
obj\Release\src\cmd\Compile.obj(Compile) 
 Error 42: Symbol Undefined _D3tpl6stream10Поток8слейMFZv
obj\Release\src\cmd\Compile.obj(Compile) 
 Error 42: Symbol Undefined _D3tpl6stream10Поток12размерMFZm
obj\Release\src\cmd\Compile.obj(Compile) 
 Error 42: Symbol Undefined _D3tpl6stream10Поток14позицияMFZm
obj\Release\src\cmd\Compile.obj(Compile) 
 Error 42: Symbol Undefined _D3tpl6stream10Поток14позицияMFmZv
obj\Release\src\cmd\Compile.obj(Compile) 
 Error 42: Symbol Undefined _D3tpl6stream10Поток18измпозКонMFlZm
obj\Release\src\cmd\Compile.obj(Compile) 
 Error 42: Symbol Undefined _D3tpl6stream10Поток18измпозТекMFlZm
obj\Release\src\cmd\Compile.obj(Compile) 
 Error 42: Symbol Undefined _D3tpl6stream10Поток18измпозУстMFlZm
obj\Release\src\cmd\Compile.obj(Compile) 
 Error 42: Symbol Undefined _D3tpl6stream10Поток19копируй_изMFC3tpl6stream10ПотокmZv
obj\Release\src\cmd\Compile.obj(Compile) 
 Error 42: Symbol Undefined _D3tpl6stream10Поток19копируй_изMFC3tpl6stream10ПотокZv
obj\Release\src\cmd\Compile.obj(Compile) 
 Error 42: Symbol Undefined _D3tpl6stream10Поток16пишификсMFAC8TypeInfoPviZC3sys9WinIfaces22ПотокВывода
obj\Release\src\cmd\Compile.obj(Compile) 
 Error 42: Symbol Undefined _D3tpl6stream10Поток14пишифнсMFYC3sys9WinIfaces22ПотокВывода
obj\Release\src\cmd\Compile.obj(Compile) 
 Error 42: Symbol Undefined _D3tpl6stream10Поток10пишифMFYC3sys9WinIfaces22ПотокВывода
obj\Release\src\cmd\Compile.obj(Compile) 
 Error 42: Symbol Undefined _D3tpl6stream10Поток16doFormatCallbackMFwZv
obj\Release\src\cmd\Compile.obj(Compile) 
 Error 42: Symbol Undefined _D3tpl6stream10Поток12выводфMFAaYk
obj\Release\src\cmd\Compile.obj(Compile) 
 Error 42: Symbol Undefined _D3tpl6stream10Поток14ввыводфMFAaPvZk
obj\Release\src\cmd\Compile.obj(Compile) 
 Error 42: Symbol Undefined _D3tpl6stream10Поток16пишиСтрШMFAuZv
obj\Release\src\cmd\Compile.obj(Compile) 
 Error 42: Symbol Undefined _D3tpl6stream10Поток14пишиСтрMFAaZv
obj\Release\src\cmd\Compile.obj(Compile) 
 Error 42: Symbol Undefined _D3tpl6stream10Поток8пишиMFAuZv
obj\Release\src\cmd\Compile.obj(Compile) 
 Error 42: Symbol Undefined _D3tpl6stream10Поток8пишиMFAaZv
obj\Release\src\cmd\Compile.obj(Compile) 
 Error 42: Symbol Undefined _D3tpl6stream10Поток18пишиТкстШMFAuZv
obj\Release\src\cmd\Compile.obj(Compile) 
 Error 42: Symbol Undefined _D3tpl6stream10Поток16пишиТкстMFAaZv
obj\Release\src\cmd\Compile.obj(Compile) 
 Error 42: Symbol Undefined _D3tpl6stream10Поток8пишиMFwZv
obj\Release\src\cmd\Compile.obj(Compile) 
 Error 42: Symbol Undefined _D3tpl6stream10Поток8пишиMFuZv
obj\Release\src\cmd\Compile.obj(Compile) 
 Error 42: Symbol Undefined _D3tpl6stream10Поток8пишиMFaZv
obj\Release\src\cmd\Compile.obj(Compile) 
 Error 42: Symbol Undefined _D3tpl6stream10Поток8пишиMFcZv
obj\Release\src\cmd\Compile.obj(Compile) 
 Error 42: Symbol Undefined _D3tpl6stream10Поток8пишиMFrZv
obj\Release\src\cmd\Compile.obj(Compile) 
 Error 42: Symbol Undefined _D3tpl6stream10Поток8пишиMFqZv
obj\Release\src\cmd\Compile.obj(Compile) 
 Error 42: Symbol Undefined _D3tpl6stream10Поток8пишиMFjZv
obj\Release\src\cmd\Compile.obj(Compile) 
 Error 42: Symbol Undefined _D3tpl6stream10Поток8пишиMFpZv
obj\Release\src\cmd\Compile.obj(Compile) 
 Error 42: Symbol Undefined _D3tpl6stream10Поток8пишиMFoZv
obj\Release\src\cmd\Compile.obj(Compile) 
 Error 42: Symbol Undefined _D3tpl6stream10Поток8пишиMFeZv
obj\Release\src\cmd\Compile.obj(Compile) 
 Error 42: Symbol Undefined _D3tpl6stream10Поток8пишиMFdZv
obj\Release\src\cmd\Compile.obj(Compile) 
 Error 42: Symbol Undefined _D3tpl6stream10Поток8пишиMFfZv
obj\Release\src\cmd\Compile.obj(Compile) 
 Error 42: Symbol Undefined _D3tpl6stream10Поток8пишиMFmZv
obj\Release\src\cmd\Compile.obj(Compile) 
 Error 42: Symbol Undefined _D3tpl6stream10Поток8пишиMFlZv
obj\Release\src\cmd\Compile.obj(Compile) 
 Error 42: Symbol Undefined _D3tpl6stream10Поток8пишиMFkZv
obj\Release\src\cmd\Compile.obj(Compile) 
 Error 42: Symbol Undefined _D3tpl6stream10Поток8пишиMFiZv
obj\Release\src\cmd\Compile.obj(Compile) 
 Error 42: Symbol Undefined _D3tpl6stream10Поток8пишиMFtZv
obj\Release\src\cmd\Compile.obj(Compile) 
 Error 42: Symbol Undefined _D3tpl6stream10Поток8пишиMFsZv
obj\Release\src\cmd\Compile.obj(Compile) 
 Error 42: Symbol Undefined _D3tpl6stream10Поток8пишиMFhZv
obj\Release\src\cmd\Compile.obj(Compile) 
 Error 42: Symbol Undefined _D3tpl6stream10Поток8пишиMFgZv
obj\Release\src\cmd\Compile.obj(Compile) 
 Error 42: Symbol Undefined _D3tpl6stream10Поток8пишиMFAhZk
obj\Release\src\cmd\Compile.obj(Compile) 
 Error 42: Symbol Undefined _D3tpl6stream10Поток18пишиРовноMFPvkZv
obj\Release\src\cmd\Compile.obj(Compile) 
 Error 42: Symbol Undefined _D3tpl6stream10Поток24верниЧтоЕстьMFZb
obj\Release\src\cmd\Compile.obj(Compile) 
 Error 42: Symbol Undefined _D3tpl6stream10Поток28возвратКареткиMFZb
obj\Release\src\cmd\Compile.obj(Compile) 
 Error 42: Symbol Undefined _D3tpl6stream10Поток28возвратКареткиMFbZv
obj\Release\src\cmd\Compile.obj(Compile) 
 Error 42: Symbol Undefined _D3tpl6stream10Поток20читатьдоКФMFZb
obj\Release\src\cmd\Compile.obj(Compile) 
 Error 42: Symbol Undefined _D3tpl6stream10Поток20читатьдоКФMFbZv
obj\Release\src\cmd\Compile.obj(Compile) 
 Error 42: Symbol Undefined _D3tpl6stream10Поток16открытыйMFZb
obj\Release\src\cmd\Compile.obj(Compile) 
 Error 42: Symbol Undefined _D3tpl6stream10Поток16открытыйMFbZv
obj\Release\src\cmd\Cobj\Release\src\cmd\Compile.obj(Compile) 
 Error 42: Symbol Undefined _D3tpl6stream10Поток22сканobj\Release\src\cmd\Compile.obj(Compile) 
 Error 42: Symbol Undefined _D3tpl6stream10Поток24записываемыйMFbZv
obj\Release\src\cmd\Compile.obj(Compile) 
 Error 42: Symbol Undefined _D3tpl6stream10Поток16читаемыйMFbZv
obj\Release\src\cmd\Compile.obj(Compile) 
 Error 42: Symbol Undefined _D3tpl6stream10Поток22сканируемыйMFZb
obj\Release\src\cmd\Compile.obj(Compile) 
 Error 42: Symbol Undefined _D3tpl6stream10Поток24записываемыйMFZb
obj\Release\src\cmd\Compile.obj(Compile) 
 Error 42: Symbol Undefined _D3tpl6stream10Поток16читаемыйMFZb
obj\Release\src\cmd\Compile.obj(Compile) 
 Error 42: Symbol Undefined _D3tpl6stream10Поток8вХэшMFZk
obj\Release\src\cmd\Compile.obj(Compile) 
 Error 42: Symbol Undefined _D3tpl6stream10Поток7__ClassZ
obj\Release\src\cmd\Compile.obj(Compile) 
 Error 42: Symbol Undefined __d_throw@4
obj\Release\src\cmd\Compile.obj(Compile) 
 Error 42: Symbol Undefined _D6object9Exception5_ctorMFAaC9ExceptionZC9Exception
obj\Release\src\cmd\Compile.obj(Compile) 
 Error 42: Symbol Undefined _D9Exception7__ClassZ
obj\Release\src\cmd\Compile.obj(Compile) 
 Error 42: Symbol Undefined _D3tpl6stream8__assertFiZv
obj\Release\src\cmd\Compile.obj(Compile) 
 Error 42: Symbol Undefined __d_arraycopy
obj\Release\src\cmd\Compile.obj(Compile) 
 Error 42: Symbol Undefined _D3tpl6stream10Поток5_ctorMFZC3tpl6stream10Поток
obj\Release\src\cmd\Compile.obj(Compile) 
 Error 42: Symbol Undefined _D3tpl6stream7__arrayZ
obj\Release\src\cmd\Compile.obj(Compile) 
 Error 42: Symbol Undefined _D3sys9WinIfaces7IStream11__InterfaceZ
obj\Release\src\cmd\Compile.obj(Compile) 
 Error 42: Symbol Undefined _D6Object7__ClassZ
obj\Release\src\cmd\Compile.obj(Compile) 
 Error 42: Symbol Undefined _смДобавьПространство2
obj\Release\src\cmd\Compile.obj(Compile) 
 Error 42: Symbol Undefined _ошибкаНехваткиПамяти
obj\Release\src\cmd\Compile.obj(Compile) 
 Error 42: Symbol Undefined _празмести
obj\Release\src\cmd\DDoc.obj(DDoc) 
 Error 42: Symbol Undefined __d_framehandler
obj\Release\src\cmd\DDoc.obj(DDoc) 
 Error 42: Symbol Undefined _D14TypeInfo_Tuple6__vtblZ
obj\Release\src\cmd\DDoc.obj(DDoc) 
 Error 42: Symbol Undefined __d_local_unwind2
obj\Release\src\cmd\DDoc.obj(DDoc) 
 Error 42: Symbol Undefined __d_callfinalizer
obj\Release\src\cmd\DDoc.obj(DDoc) 
 Error 42: Symbol Undefined __d_assert_msg
obj\Release\src\cmd\DDoc.obj(DDoc) 
 Error 42: Symbol Undefined __d_newclass
obj\Release\src\cmd\DDoc.obj(DDoc) 
 Error 42: Symbol Undefined __d_arraycatnT
obj\Release\src\cmd\DDoc.obj(DDoc) 
 Error 42: Symbol Undefined __d_arraycatT
obj\Release\src\cmd\DDoc.obj(DDoc) 
 Error 42: Symbol Undefined __d_arrayappendT
obj\Release\src\cmd\DDocEmitter.obj(DDocEmitter) 
 Error 42: Symbol Undefined __d_arrayappendcT
obj\Release\src\cmd\DDoc.obj(DDoc) 
 Error 42: Symbol Undefined _D14TypeInfo_Array6__vtblZ
obj\Release\src\cmd\DDocEmitter.obj(DDocEmitter) 
 Error 42: Symbol Undefined __aaIn
obj\Release\src\cmd\DDocEmitter.obj(DDocEmitter) 
 Error 42: Symbol Undefined __aaGet
obj\Release\src\cmd\DDocEmitter.obj(DDocEmitter) 
 Error 42: Symbol Undefined __adDupT
obj\Release\src\cmd\DDocEmitter.obj(DDocEmitter) 
 Error 42: Symbol Undefined __d_assert
obj\Release\src\cmd\DDocEmitter.obj(DDocEmitter) 
 Error 42: Symbol Undefined __d_newarrayiT
obj\Release\src\cmd\DDocEmitter.obj(DDocEmitter) 
 Error 42: Symbol Undefined __d_arraysetlengthiT
obj\Release\src\cmd\DDocEmitter.obj(DDocEmitter) 
 Error 42: Symbol Undefined __d_delarray
obj\Release\src\cmd\DDocEmitter.obj(DDocEmitter) 
 Error 42: Symbol Undefined __d_arrayliteralT
obj\Release\src\cmd\DDocEmitter.obj(DDocEmitter) 
 Error 42: Symbol Undefined _D15TypeInfo_Struct6__vtblZ
obj\Release\src\cmd\Highlight.obj(Highlight) 
 Error 42: Symbol Undefined _D10TypeInfo_P6__initZ
obj\Release\src\cmd\Highlight.obj(Highlight) 
 Error 42: Symbol Undefined __d_dynamic_cast
obj\Release\src\cmd\ImportGraph.obj(ImportGraph) 
 Error 42: Symbol Undefined __d_arraysetlengthT
obj\Release\src\cmd\ImportGraph.obj(ImportGraph) 
 Error 42: Symbol Undefined _D10TypeInfo_C6__initZ
obj\Release\src\cmd\ImportGraph.obj(ImportGraph) 
 Error 42: Symbol Undefined _D13TypeInfo_Enum6__vtblZ
obj\Release\src\drc\ast\DefaultVisitor.obj(DefaultVisitor) 
 Error 42: Symbol Undefined __d_switch_string
obj\Release\src\drc\ast\Expressions.obj(Expressions) 
 Error 42: Symbol Undefined _D11TypeInfo_Ah6__initZ
obj\Release\src\drc\ast\Node.obj(Node) 
 Error 42: Symbol Undefined _D11TypeInfo_Ag6__initZ
obj\Release\src\drc\ast\NodeMembers.obj(NodeMembers) 
 Error 42: Symbol Undefined _D20TypeInfo_StaticArray6__vtblZ
obj\Release\src\drc\ast\NodeMembers.obj(NodeMembers) 
 Error 42: Symbol Undefined __adEq
obj\Release\src\drc\Converter.obj(Converter) 
 Error 42: Symbol Undefined __d_arraycast
obj\Release\src\drc\Converter.obj(Converter) 
 Error 42: Symbol Undefined _D10TypeInfo_w6__initZ
obj\Release\src\drc\doc\Doc.obj(Doc) 
 Error 42: Symbol Undefined _D16TypeInfo_Pointer6__vtblZ
obj\Release\src\drc\lexer\Funcs.obj(Funcs) 
 Error 42: Symbol Undefined _D4base4РСG3a
obj\Release\src\drc\lexer\Funcs.obj(Funcs) 
 Error 42: Symbol Undefined _D4base4РАG3a
obj\Release\src\drc\lexer\IdTable.obj(IdTable) 
 Error 42: Symbol Undefined __d_criticalenter
obj\Release\src\drc\lexer\IdTable.obj(IdTable) 
 Error 42: Symbol Undefined __d_criticalexit
obj\Release\src\drc\lexer\IdTable.obj(IdTable) 
 Error 42: Symbol Undefined __aaRehash
obj\Release\src\drc\lexer\Lexer.obj(Lexer) 
 Error 42: Symbol Undefined _getErrno
obj\Release\src\drc\lexer\Token.obj(Token) 
 Error 42: Symbol Undefined _D9exception20ВнеПамИскл5_ctorMFAakZC9exception20ВнеПамИскл
obj\Release\src\drc\lexer\Token.obj(Token) 
 Error 42: Symbol Undefined _D9exception20ВнеПамИскл7__ClassZ
obj\Release\src\drc\semantic\Pass2.obj(Pass2) 
 Error 42: Symbol Undefined __d_assocarrayliteralT
obj\Release\src\drc\semantic\Pass2.obj(Pass2) 
 Error 42: Symbol Undefined __aaGetRvalue
obj\Release\src\drc\semantic\Pass2.obj(Pass2) 
 Error 42: Symbol Undefined _D25TypeInfo_AssociativeArray6__vtblZ
obj\Release\src\drc\Unicode.obj(Unicode) 
 Error 42: Symbol Undefined _D11TypeInfo_Au6__initZ
obj\Release\src\drc\Unicode.obj(Unicode) 
 Error 42: Symbol Undefined _D11TypeInfo_Aw6__initZ
obj\Release\src\main.obj(main) 
 Error 42: Symbol Undefined _main
obj\Release\src\main.obj(main) 
 Error 42: Symbol Undefined _берисфл
obj\Release\src\main.obj(main) 
 Error 42: Symbol Undefined _D9exception26НевернАргИскл7__ClassZ
obj\Release\src\main.obj(main) 
 Error 42: Symbol Undefined _D9exception26НевернАргИскл5_ctorMFAaZC9exception26НевернАргИскл
obj\Release\src\cmd\ImportGraph.obj(ImportGraph) 
 Error 42: Symbol Undefined __aaApply2
d:\dinrus\bin\..\lib\DinrusTango.lib(Stdout) 
 Error 42: Symbol Undefined _D20TypeInfo_StaticArray7__ClassZ
d:\dinrus\bin\..\lib\DinrusTango.lib(Stdout) 
 Error 42: Symbol Undefined _D25TypeInfo_AssociativeArray7__ClassZ
d:\dinrus\bin\..\lib\DinrusTango.lib(Stdout) 
 Error 42: Symbol Undefined __aaApply
d:\dinrus\bin\..\lib\DinrusTango.lib(Stdout) 
 Error 42: Symbol Undefined _D15TypeInfo_Struct7__ClassZ
d:\dinrus\bin\..\lib\DinrusTango.lib(Stdout) 
 Error 42: Symbol Undefined _D13TypeInfo_Enum7__ClassZ
d:\dinrus\bin\..\lib\DinrusTango.lib(Stdout) 
 Error 42: Symbol Undefined _D16TypeInfo_Typedef7__ClassZ
d:\dinrus\bin\..\lib\DinrusTango.lib(File) 
 Error 42: Symbol Undefined _D9exception12ВВИскл5_ctorMFAaZC9exception12ВВИскл
d:\dinrus\bin\..\lib\DinrusTango.lib(File) 
 Error 42: Symbol Undefined _D9exception12ВВИскл7__ClassZ
d:\dinrus\bin\..\lib\DinrusTango.lib(FilePath) 
 Error 42: Symbol Undefined _D18TypeInfo_Interface6__vtblZ
d:\dinrus\bin\..\lib\DinrusTango.lib(Buffer) 
 Error 42: Symbol Undefined __d_interface_cast
d:\dinrus\bin\..\lib\DinrusTango.lib(Buffer) 
 Error 42: Symbol Undefined _D11TypeInfo_Av6__initZ
d:\dinrus\bin\..\lib\DinrusTango.lib(Regex) 
 Error 42: Symbol Undefined _D11TypeInfo_Ai6__initZ
d:\dinrus\bin\..\lib\DinrusTango.lib(Regex) 
 Error 42: Symbol Undefined __d_delclass
d:\dinrus\bin\..\lib\DinrusTango.lib(Regex) 
 Error 42: Symbol Undefined __adSort
d:\dinrus\bin\..\lib\DinrusTango.lib(Regex) 
 Error 42: Symbol Undefined __aaLen
d:\dinrus\bin\..\lib\DinrusTango.lib(Regex) 
 Error 42: Symbol Undefined __aaKeys
d:\dinrus\bin\..\lib\DinrusTango.lib(Regex) 
 Error 42: Symbol Undefined __aaDel
d:\dinrus\bin\..\lib\DinrusTango.lib(Regex) 
 Error 42: Symbol Undefined __aaValues
d:\dinrus\bin\..\lib\DinrusTango.lib(Regex) 
 Error 42: Symbol Undefined __memset32
d:\dinrus\bin\..\lib\DinrusTango.lib(Regex) 
 Error 42: Symbol Undefined _D11TypeInfo_Ab6__initZ
d:\dinrus\bin\..\lib\DinrusTango.lib(Regex) 
 Error 42: Symbol Undefined _D6object9Exception12сбросьMFZv
d:\dinrus\bin\..\lib\DinrusTango.lib(Regex) 
 Error 42: Symbol Undefined _D6object9Exception10вТкстMFZAa
d:\dinrus\bin\..\lib\DinrusTango.lib(Regex) 
 Error 42: Symbol Undefined _D6object9Exception8toStringMFZAa
d:\dinrus\bin\..\lib\DinrusTango.lib(Regex) 
 Error 42: Symbol Undefined _D6object9Exception12выведиMFZv
d:\dinrus\bin\..\lib\DinrusTango.lib(Regex) 
 Error 42: Symbol Undefined _D6object9Exception5printMFZv
d:\dinrus\bin\..\lib\DinrusTango.lib(Utf) 
 Error 42: Symbol Undefined _onUnicodeError
d:\dinrus\bin\..\lib\DinrusTango.lib(FileSystem) 
 Error 42: Symbol Undefined __memset16
d:\dinrus\bin\..\lib\DinrusTango.lib(FileSystem) 
 Error 42: Symbol Undefined _D10TypeInfo_u6__initZ
d:\dinrus\bin\..\lib\DinrusTango.lib(FileSystem) 
 Error 42: Symbol Undefined _D7stringz16изТкст16нFPuZAu
d:\dinrus\bin\..\lib\DinrusTango.lib(FileSystem) 
 Error 42: Symbol Undefined __D9exception10СисОш22последнСообUZAa
d:\dinrus\bin\..\lib\DinrusTango.lib(StopWatch) 
 Error 42: Symbol Undefined _D9exception24ПлатформИскл7__ClassZ
d:\dinrus\bin\..\lib\DinrusTango.lib(StopWatch) 
 Error 42: Symbol Undefined _D9exception24ПлатформИскл5_ctorMFAaZC9exception24ПлатформИскл
d:\dinrus\bin\..\lib\DinrusTango.lib(Environment) 
 Error 42: Symbol Undefined __D9exception10СисОш20последнКодUZk
d:\dinrus\bin\..\lib\DinrusTango.lib(Conduit) 
 Error 42: Symbol Undefined _D6thread12__ModuleInfoZ
d:\dinrus\bin\..\lib\DinrusTango.lib(Conduit) 
 Error 42: Symbol Undefined _D6thread10Фибра12дайЭтуFZC6thread10Фибра
d:\dinrus\bin\..\lib\DinrusTango.lib(Console) 
 Error 42: Symbol Undefined _ПрикрепиКонсоль
d:\dinrus\bin\..\lib\DinrusTango.lib(Console) 
 Error 42: Symbol Undefined _D6winapi12__ModuleInfoZ
d:\dinrus\bin\..\lib\DinrusTango.lib(Console) 
 Error 42: Symbol Undefined _D6dinrus12__ModuleInfoZ
d:\dinrus\bin\..\lib\DinrusTango.lib(Console) 
 Error 42: Symbol Undefined __d_monitorexit
d:\dinrus\bin\..\lib\DinrusTango.lib(Console) 
 Error 42: Symbol Undefined __d_monitorenter
d:\dinrus\bin\..\lib\DinrusTango.lib(File) 
 Error 42: Symbol Undefined _D7stringz11вТкст0FAaAaZPa
d:\dinrus\bin\..\lib\DinrusTango.lib(File) 
 Error 42: Symbol Undefined _СоздайФайл
d:\dinrus\bin\..\lib\DinrusTango.lib(File) 
 Error 42: Symbol Undefined _D3sys10WinStructs12__ModuleInfoZ
d:\dinrus\bin\..\lib\DinrusTango.lib(File) 
 Error 42: Symbol Undefined _D3sys8WinFuncs12__ModuleInfoZ
d:\dinrus\bin\..\lib\DinrusTango.lib(File) 
 Error 42: Symbol Undefined _D3sys9WinConsts12__ModuleInfoZ
d:\dinrus\bin\..\lib\DinrusTango.lib(Math) 
 Error 42: Symbol Undefined _D6stdrus12__ModuleInfoZ
d:\dinrus\bin\..\lib\DinrusTango.lib(Device) 
 Error 42: Symbol Undefined _ДайПоследнююОшибку
d:\dinrus\bin\..\lib\DinrusTango.lib(Device) 
 Error 42: Symbol Undefined _ПишиФайл
d:\dinrus\bin\..\lib\DinrusTango.lib(Device) 
 Error 42: Symbol Undefined _ЗакройДескр

 Start         Length     Name                   Class
 0003:00000000 0005FCE5H  _TEXT                  CODE 32-bit
 0003:0005FCE8 000001AAH  ICODE                  ICODE 32-bit
 0004:00000000 00000000H  FMB                    DATA 32-bit
 0004:00000000 00000184H  FM                     DATA 32-bit
 0004:00000184 00000000H  FME                    DATA 32-bit
 0004:00000190 00000004H  .CRT$XIA               DATA 32-bit
 0004:000001A0 00000004H  .CRT$XIZ               DATA 32-bit
 0004:000001B0 00000004H  .CRT$XCA               DATA 32-bit
 0004:000001C0 00000004H  .CRT$XCZ               DATA 32-bit
 0004:000001D0 00000004H  .CRT$XPA               DATA 32-bit
 0004:000001E0 00000004H  .CRT$XPZ               DATA 32-bit
 0004:000001F0 00000004H  .CRT$XTA               DATA 32-bit
 0004:00000200 00000004H  .CRT$XTZ               DATA 32-bit
 0004:00000204 0000000CH  IMP__DATA              IMP__DATA 32-bit
 0004:00000210 000427A8H  _DATA                  DATA 32-bit
 0004:000429B8 00000000H  XIB                    DATA 32-bit
 0004:000429B8 00000010H  XI                     DATA 32-bit
 0004:000429C8 00000000H  XIE                    DATA 32-bit
 0004:000429C8 00000000H  XIFCB                  DATA 32-bit
 0004:000429C8 00000004H  XIFU                   DATA 32-bit
 0004:000429CC 00000000H  XIFL                   DATA 32-bit
 0004:000429CC 00000004H  XIFM                   DATA 32-bit
 0004:000429D0 00000000H  XIFCE                  DATA 32-bit
 0004:000429D0 00000000H  XCB                    DATA 32-bit
 0004:000429D0 00000008H  XC                     DATA 32-bit
 0004:000429D8 00000000H  XCE                    DATA 32-bit
 0004:000429E0 00000000H  CONST                  CONST 32-bit
 0004:000429E0 00000000H  EEND                   ENDBSS 32-bit
 0004:000429E0 00001830H  _BSS                   BSS 32-bit
 0004:00044210 00000000H  XOB                    BSS 32-bit
 0004:00044210 00000000H  XO                     BSS 32-bit
 0004:00044210 00000000H  XOE                    BSS 32-bit
 0004:00044210 00000000H  XOFB                   BSS 32-bit
 0004:00044210 00000108H  XOF                    BSS 32-bit
 0004:00044318 00000000H  XOFE                   BSS 32-bit
 0004:00044320 0000041FH  c_common               BSS 32-bit
 0004:00044740 00000000H  STACK                  STACK 32-bit

Program entry point at 00045878 
